1789929469.454561 client started (509): version next-3.9, socket /home/blmarket/hmux2/target/tmpf7fsx5ng/sock, protocol 8
1789929469.454578 on Linux 7.2.2 #1-NixOS SMP PREEMPT_DYNAMIC Fri Aug 28 06:25:22 UTC 2026
1789929469.454586 using libevent 2.1.13-stable poll
1789929469.454589 using utf8proc 2.11.3
1789929469.454592 using ncurses 6.6 20251230
1789929469.454599 flags are 0x4000010000
1789929469.454606 socket is /home/blmarket/hmux2/target/tmpf7fsx5ng/sock
1789929469.454612 trying connect
1789929469.454631 add peer 0x555555d6ae60: 6 ((nil))
1789929469.454696 sending message 111 to peer 0x555555d6ae60 (8 bytes)
1789929469.454700 sending message 111 to peer 0x555555d6ae60 (8 bytes)
1789929469.454703 sending message 101 to peer 0x555555d6ae60 (15 bytes)
1789929469.454706 sending message 109 to peer 0x555555d6ae60 (4 bytes)
1789929469.454709 sending message 102 to peer 0x555555d6ae60 (1 bytes)
1789929469.454711 sending message 108 to peer 0x555555d6ae60 (21 bytes)
1789929469.454714 sending message 104 to peer 0x555555d6ae60 (0 bytes)
1789929469.454716 sending message 110 to peer 0x555555d6ae60 (0 bytes)
1789929469.454719 sending message 107 to peer 0x555555d6ae60 (4 bytes)
1789929469.454722 sending message 105 to peer 0x555555d6ae60 (453 bytes)
1789929469.454724 sending message 105 to peer 0x555555d6ae60 (6 bytes)
1789929469.454727 sending message 105 to peer 0x555555d6ae60 (16 bytes)
1789929469.454729 sending message 105 to peer 0x555555d6ae60 (6 bytes)
1789929469.454731 sending message 105 to peer 0x555555d6ae60 (97 bytes)
1789929469.454733 sending message 105 to peer 0x555555d6ae60 (16 bytes)
1789929469.454736 sending message 105 to peer 0x555555d6ae60 (93 bytes)
1789929469.454738 sending message 105 to peer 0x555555d6ae60 (93 bytes)
1789929469.454741 sending message 105 to peer 0x555555d6ae60 (9 bytes)
1789929469.454743 sending message 105 to peer 0x555555d6ae60 (17 bytes)
1789929469.454745 sending message 105 to peer 0x555555d6ae60 (86 bytes)
1789929469.454748 sending message 105 to peer 0x555555d6ae60 (93 bytes)
1789929469.454750 sending message 105 to peer 0x555555d6ae60 (1280 bytes)
1789929469.454765 sending message 105 to peer 0x555555d6ae60 (1182 bytes)
1789929469.454768 sending message 105 to peer 0x555555d6ae60 (90 bytes)
1789929469.454771 sending message 105 to peer 0x555555d6ae60 (11 bytes)
1789929469.454773 sending message 105 to peer 0x555555d6ae60 (54 bytes)
1789929469.454775 sending message 105 to peer 0x555555d6ae60 (53 bytes)
1789929469.454778 sending message 105 to peer 0x555555d6ae60 (22 bytes)
1789929469.454780 sending message 105 to peer 0x555555d6ae60 (20 bytes)
1789929469.454783 sending message 105 to peer 0x555555d6ae60 (77 bytes)
1789929469.454785 sending message 105 to peer 0x555555d6ae60 (12 bytes)
1789929469.454788 sending message 105 to peer 0x555555d6ae60 (18 bytes)
1789929469.454790 sending message 105 to peer 0x555555d6ae60 (54 bytes)
1789929469.454793 sending message 105 to peer 0x555555d6ae60 (22 bytes)
1789929469.454795 sending message 105 to peer 0x555555d6ae60 (12 bytes)
1789929469.454797 sending message 105 to peer 0x555555d6ae60 (96 bytes)
1789929469.454800 sending message 105 to peer 0x555555d6ae60 (13 bytes)
1789929469.454802 sending message 105 to peer 0x555555d6ae60 (14 bytes)
1789929469.454804 sending message 105 to peer 0x555555d6ae60 (14 bytes)
1789929469.454807 sending message 105 to peer 0x555555d6ae60 (723 bytes)
1789929469.454809 sending message 105 to peer 0x555555d6ae60 (20 bytes)
1789929469.454812 sending message 105 to peer 0x555555d6ae60 (1441 bytes)
1789929469.454815 sending message 105 to peer 0x555555d6ae60 (437 bytes)
1789929469.454818 sending message 105 to peer 0x555555d6ae60 (20 bytes)
1789929469.454820 sending message 105 to peer 0x555555d6ae60 (17 bytes)
1789929469.454823 sending message 105 to peer 0x555555d6ae60 (9 bytes)
1789929469.454825 sending message 105 to peer 0x555555d6ae60 (17 bytes)
1789929469.454827 sending message 105 to peer 0x555555d6ae60 (6 bytes)
1789929469.454830 sending message 105 to peer 0x555555d6ae60 (16 bytes)
1789929469.454832 sending message 105 to peer 0x555555d6ae60 (345 bytes)
1789929469.454839 sending message 105 to peer 0x555555d6ae60 (8 bytes)
1789929469.454844 sending message 105 to peer 0x555555d6ae60 (72 bytes)
1789929469.454846 sending message 105 to peer 0x555555d6ae60 (79 bytes)
1789929469.454849 sending message 105 to peer 0x555555d6ae60 (227 bytes)
1789929469.454851 sending message 105 to peer 0x555555d6ae60 (93 bytes)
1789929469.454854 sending message 105 to peer 0x555555d6ae60 (107 bytes)
1789929469.454856 sending message 105 to peer 0x555555d6ae60 (112 bytes)
1789929469.454859 sending message 105 to peer 0x555555d6ae60 (17 bytes)
1789929469.454861 sending message 105 to peer 0x555555d6ae60 (32 bytes)
1789929469.454864 sending message 105 to peer 0x555555d6ae60 (1506 bytes)
1789929469.454867 sending message 105 to peer 0x555555d6ae60 (3496 bytes)
1789929469.454870 sending message 105 to peer 0x555555d6ae60 (43 bytes)
1789929469.454872 sending message 105 to peer 0x555555d6ae60 (79 bytes)
1789929469.454875 sending message 105 to peer 0x555555d6ae60 (89 bytes)
1789929469.454877 sending message 105 to peer 0x555555d6ae60 (61 bytes)
1789929469.454879 sending message 105 to peer 0x555555d6ae60 (60 bytes)
1789929469.454882 sending message 105 to peer 0x555555d6ae60 (19 bytes)
1789929469.454884 sending message 105 to peer 0x555555d6ae60 (53 bytes)
1789929469.454887 sending message 105 to peer 0x555555d6ae60 (72 bytes)
1789929469.454889 sending message 105 to peer 0x555555d6ae60 (80 bytes)
1789929469.454892 sending message 105 to peer 0x555555d6ae60 (55 bytes)
1789929469.454894 sending message 105 to peer 0x555555d6ae60 (54 bytes)
1789929469.454897 sending message 105 to peer 0x555555d6ae60 (16041 bytes)
1789929469.454900 sending message 105 to peer 0x555555d6ae60 (12027 bytes)
1789929469.454903 sending message 105 to peer 0x555555d6ae60 (24 bytes)
1789929469.454905 sending message 105 to peer 0x555555d6ae60 (69 bytes)
1789929469.454908 sending message 105 to peer 0x555555d6ae60 (169 bytes)
1789929469.454910 sending message 105 to peer 0x555555d6ae60 (53 bytes)
1789929469.454913 sending message 105 to peer 0x555555d6ae60 (4853 bytes)
1789929469.454916 sending message 105 to peer 0x555555d6ae60 (3620 bytes)
1789929469.454918 sending message 105 to peer 0x555555d6ae60 (60 bytes)
1789929469.454921 sending message 105 to peer 0x555555d6ae60 (76 bytes)
1789929469.454923 sending message 105 to peer 0x555555d6ae60 (62 bytes)
1789929469.454926 sending message 105 to peer 0x555555d6ae60 (179 bytes)
1789929469.454928 sending message 105 to peer 0x555555d6ae60 (21 bytes)
1789929469.454931 sending message 105 to peer 0x555555d6ae60 (61 bytes)
1789929469.454933 sending message 105 to peer 0x555555d6ae60 (6 bytes)
1789929469.454936 sending message 105 to peer 0x555555d6ae60 (16 bytes)
1789929469.454938 sending message 105 to peer 0x555555d6ae60 (15 bytes)
1789929469.454941 sending message 105 to peer 0x555555d6ae60 (11 bytes)
1789929469.454943 sending message 105 to peer 0x555555d6ae60 (16 bytes)
1789929469.454945 sending message 105 to peer 0x555555d6ae60 (26 bytes)
1789929469.454948 sending message 105 to peer 0x555555d6ae60 (16 bytes)
1789929469.454950 sending message 105 to peer 0x555555d6ae60 (26 bytes)
1789929469.454953 sending message 105 to peer 0x555555d6ae60 (11 bytes)
1789929469.454955 sending message 105 to peer 0x555555d6ae60 (7248 bytes)
1789929469.454958 sending message 105 to peer 0x555555d6ae60 (22 bytes)
1789929469.454961 sending message 105 to peer 0x555555d6ae60 (953 bytes)
1789929469.454963 sending message 105 to peer 0x555555d6ae60 (25 bytes)
1789929469.454966 sending message 105 to peer 0x555555d6ae60 (17 bytes)
1789929469.454968 sending message 105 to peer 0x555555d6ae60 (19 bytes)
1789929469.454971 sending message 105 to peer 0x555555d6ae60 (100 bytes)
1789929469.454973 sending message 105 to peer 0x555555d6ae60 (313 bytes)
1789929469.454976 sending message 105 to peer 0x555555d6ae60 (14 bytes)
1789929469.454978 sending message 105 to peer 0x555555d6ae60 (24 bytes)
1789929469.454981 sending message 105 to peer 0x555555d6ae60 (16 bytes)
1789929469.454985 sending message 105 to peer 0x555555d6ae60 (26 bytes)
1789929469.454989 sending message 105 to peer 0x555555d6ae60 (127 bytes)
1789929469.454991 sending message 105 to peer 0x555555d6ae60 (14 bytes)
1789929469.454993 sending message 105 to peer 0x555555d6ae60 (8 bytes)
1789929469.454996 sending message 105 to peer 0x555555d6ae60 (10 bytes)
1789929469.454998 sending message 105 to peer 0x555555d6ae60 (20 bytes)
1789929469.455001 sending message 105 to peer 0x555555d6ae60 (28 bytes)
1789929469.455003 sending message 105 to peer 0x555555d6ae60 (13 bytes)
1789929469.455006 sending message 105 to peer 0x555555d6ae60 (33 bytes)
1789929469.455008 sending message 105 to peer 0x555555d6ae60 (51 bytes)
1789929469.455011 sending message 105 to peer 0x555555d6ae60 (19 bytes)
1789929469.455013 sending message 105 to peer 0x555555d6ae60 (16 bytes)
1789929469.455015 sending message 105 to peer 0x555555d6ae60 (26 bytes)
1789929469.455018 sending message 105 to peer 0x555555d6ae60 (12 bytes)
1789929469.455020 sending message 105 to peer 0x555555d6ae60 (22 bytes)
1789929469.455023 sending message 105 to peer 0x555555d6ae60 (35 bytes)
1789929469.455025 sending message 105 to peer 0x555555d6ae60 (44 bytes)
1789929469.455028 sending message 105 to peer 0x555555d6ae60 (47 bytes)
1789929469.455030 sending message 105 to peer 0x555555d6ae60 (20 bytes)
1789929469.455033 sending message 105 to peer 0x555555d6ae60 (270 bytes)
1789929469.455035 sending message 105 to peer 0x555555d6ae60 (18 bytes)
1789929469.455038 sending message 105 to peer 0x555555d6ae60 (26 bytes)
1789929469.455040 sending message 105 to peer 0x555555d6ae60 (43 bytes)
1789929469.455043 sending message 105 to peer 0x555555d6ae60 (46 bytes)
1789929469.455045 sending message 105 to peer 0x555555d6ae60 (6 bytes)
1789929469.455048 sending message 105 to peer 0x555555d6ae60 (14 bytes)
1789929469.455050 sending message 105 to peer 0x555555d6ae60 (89 bytes)
1789929469.455053 sending message 105 to peer 0x555555d6ae60 (86 bytes)
1789929469.455055 sending message 105 to peer 0x555555d6ae60 (20 bytes)
1789929469.455058 sending message 105 to peer 0x555555d6ae60 (14 bytes)
1789929469.455060 sending message 105 to peer 0x555555d6ae60 (12 bytes)
1789929469.455063 sending message 105 to peer 0x555555d6ae60 (557 bytes)
1789929469.455065 sending message 105 to peer 0x555555d6ae60 (239 bytes)
1789929469.455068 sending message 105 to peer 0x555555d6ae60 (3089 bytes)
1789929469.455071 sending message 105 to peer 0x555555d6ae60 (31 bytes)
1789929469.455073 sending message 105 to peer 0x555555d6ae60 (23 bytes)
1789929469.455076 sending message 105 to peer 0x555555d6ae60 (17 bytes)
1789929469.455078 sending message 105 to peer 0x555555d6ae60 (21 bytes)
1789929469.455080 sending message 105 to peer 0x555555d6ae60 (35 bytes)
1789929469.455083 sending message 105 to peer 0x555555d6ae60 (66 bytes)
1789929469.455085 sending message 105 to peer 0x555555d6ae60 (21 bytes)
1789929469.455088 sending message 105 to peer 0x555555d6ae60 (25 bytes)
1789929469.455091 sending message 105 to peer 0x555555d6ae60 (29 bytes)
1789929469.455093 sending message 105 to peer 0x555555d6ae60 (31 bytes)
1789929469.455095 sending message 105 to peer 0x555555d6ae60 (19 bytes)
1789929469.455098 sending message 105 to peer 0x555555d6ae60 (575 bytes)
1789929469.455101 sending message 105 to peer 0x555555d6ae60 (371 bytes)
1789929469.455103 sending message 105 to peer 0x555555d6ae60 (72 bytes)
1789929469.455106 sending message 105 to peer 0x555555d6ae60 (12 bytes)
1789929469.455108 sending message 105 to peer 0x555555d6ae60 (16 bytes)
1789929469.455111 sending message 105 to peer 0x555555d6ae60 (16 bytes)
1789929469.455113 sending message 105 to peer 0x555555d6ae60 (26 bytes)
1789929469.455115 sending message 105 to peer 0x555555d6ae60 (17 bytes)
1789929469.455118 sending message 105 to peer 0x555555d6ae60 (27 bytes)
1789929469.455120 sending message 105 to peer 0x555555d6ae60 (14 bytes)
1789929469.455123 sending message 105 to peer 0x555555d6ae60 (24 bytes)
1789929469.455125 sending message 105 to peer 0x555555d6ae60 (18 bytes)
1789929469.455129 sending message 105 to peer 0x555555d6ae60 (28 bytes)
1789929469.455132 sending message 105 to peer 0x555555d6ae60 (9 bytes)
1789929469.455134 sending message 105 to peer 0x555555d6ae60 (16 bytes)
1789929469.455137 sending message 105 to peer 0x555555d6ae60 (25 bytes)
1789929469.455139 sending message 105 to peer 0x555555d6ae60 (12 bytes)
1789929469.455142 sending message 105 to peer 0x555555d6ae60 (19 bytes)
1789929469.455144 sending message 105 to peer 0x555555d6ae60 (1332 bytes)
1789929469.455147 sending message 105 to peer 0x555555d6ae60 (37 bytes)
1789929469.455150 sending message 105 to peer 0x555555d6ae60 (12 bytes)
1789929469.455152 sending message 105 to peer 0x555555d6ae60 (9 bytes)
1789929469.455155 sending message 105 to peer 0x555555d6ae60 (18 bytes)
1789929469.455157 sending message 105 to peer 0x555555d6ae60 (19 bytes)
1789929469.455159 sending message 105 to peer 0x555555d6ae60 (23 bytes)
1789929469.455162 sending message 105 to peer 0x555555d6ae60 (29 bytes)
1789929469.455165 sending message 105 to peer 0x555555d6ae60 (70 bytes)
1789929469.455167 sending message 105 to peer 0x555555d6ae60 (102 bytes)
1789929469.455170 sending message 105 to peer 0x555555d6ae60 (64 bytes)
1789929469.455172 sending message 105 to peer 0x555555d6ae60 (12 bytes)
1789929469.455174 sending message 105 to peer 0x555555d6ae60 (20 bytes)
1789929469.455177 sending message 105 to peer 0x555555d6ae60 (28 bytes)
1789929469.455179 sending message 105 to peer 0x555555d6ae60 (74 bytes)
1789929469.455182 sending message 106 to peer 0x555555d6ae60 (0 bytes)
1789929469.455219 cmd_pack_argv: argv[0]=display-message
1789929469.455221 cmd_pack_argv: argv[1]=-p
1789929469.455222 cmd_pack_argv: argv[2]=-v
1789929469.455224 cmd_pack_argv: argv[3]=#(printf job-value)
1789929469.455227 sending message 200 to peer 0x555555d6ae60 (46 bytes)
1789929469.455229 client loop enter
1789929469.458647 peer 0x555555d6ae60 message 303
1789929469.458659 open write file 1 -
1789929469.458676 sending message 305 to peer 0x555555d6ae60 (8 bytes)
1789929469.458682 peer 0x555555d6ae60 message 304
1789929469.458686 write 70 to file 1
1789929469.458691 peer 0x555555d6ae60 message 304
1789929469.458695 write 38 to file 1
1789929469.458698 peer 0x555555d6ae60 message 304
1789929469.458702 write 31 to file 1
1789929469.458705 peer 0x555555d6ae60 message 304
1789929469.458708 write 15 to file 1
1789929469.458712 peer 0x555555d6ae60 message 304
1789929469.458715 write 14 to file 1
1789929469.458719 peer 0x555555d6ae60 message 304
1789929469.458722 write 1 to file 1
1789929469.458726 peer 0x555555d6ae60 message 203
1789929469.458730 file 1 169 bytes left
1789929469.458744 write check file 1
1789929469.458756 client loop exit
