1789929469.397650 client started (504): version next-3.9, socket /home/blmarket/hmux2/target/tmpf7fsx5ng/sock, protocol 8
1789929469.397669 on Linux 7.2.2 #1-NixOS SMP PREEMPT_DYNAMIC Fri Aug 28 06:25:22 UTC 2026
1789929469.397677 using libevent 2.1.13-stable poll
1789929469.397683 using utf8proc 2.11.3
1789929469.397685 using ncurses 6.6 20251230
1789929469.397695 flags are 0x4010010000
1789929469.397709 socket is /home/blmarket/hmux2/target/tmpf7fsx5ng/sock
1789929469.397715 trying connect
1789929469.397726 connect failed: No such file or directory
1789929469.397731 lock file is /home/blmarket/hmux2/target/tmpf7fsx5ng/sock.lock
1789929469.397750 flock succeeded
1789929469.397751 got lock (6)
1789929469.397755 trying connect
1789929469.397758 connect failed: No such file or directory
1789929469.397903 add peer 0x555555d6bab0: 7 ((nil))
1789929469.398024 sending message 111 to peer 0x555555d6bab0 (8 bytes)
1789929469.398032 sending message 111 to peer 0x555555d6bab0 (8 bytes)
1789929469.398035 sending message 101 to peer 0x555555d6bab0 (15 bytes)
1789929469.398038 sending message 109 to peer 0x555555d6bab0 (4 bytes)
1789929469.398040 sending message 102 to peer 0x555555d6bab0 (1 bytes)
1789929469.398043 sending message 108 to peer 0x555555d6bab0 (21 bytes)
1789929469.398045 sending message 104 to peer 0x555555d6bab0 (0 bytes)
1789929469.398048 sending message 110 to peer 0x555555d6bab0 (0 bytes)
1789929469.398051 sending message 107 to peer 0x555555d6bab0 (4 bytes)
1789929469.398053 sending message 105 to peer 0x555555d6bab0 (453 bytes)
1789929469.398056 sending message 105 to peer 0x555555d6bab0 (6 bytes)
1789929469.398058 sending message 105 to peer 0x555555d6bab0 (16 bytes)
1789929469.398061 sending message 105 to peer 0x555555d6bab0 (6 bytes)
1789929469.398063 sending message 105 to peer 0x555555d6bab0 (97 bytes)
1789929469.398065 sending message 105 to peer 0x555555d6bab0 (16 bytes)
1789929469.398068 sending message 105 to peer 0x555555d6bab0 (93 bytes)
1789929469.398070 sending message 105 to peer 0x555555d6bab0 (93 bytes)
1789929469.398073 sending message 105 to peer 0x555555d6bab0 (9 bytes)
1789929469.398075 sending message 105 to peer 0x555555d6bab0 (17 bytes)
1789929469.398077 sending message 105 to peer 0x555555d6bab0 (86 bytes)
1789929469.398080 sending message 105 to peer 0x555555d6bab0 (93 bytes)
1789929469.398082 sending message 105 to peer 0x555555d6bab0 (1280 bytes)
1789929469.398097 sending message 105 to peer 0x555555d6bab0 (1182 bytes)
1789929469.398100 sending message 105 to peer 0x555555d6bab0 (90 bytes)
1789929469.398102 sending message 105 to peer 0x555555d6bab0 (11 bytes)
1789929469.398105 sending message 105 to peer 0x555555d6bab0 (54 bytes)
1789929469.398107 sending message 105 to peer 0x555555d6bab0 (53 bytes)
1789929469.398110 sending message 105 to peer 0x555555d6bab0 (22 bytes)
1789929469.398112 sending message 105 to peer 0x555555d6bab0 (20 bytes)
1789929469.398115 sending message 105 to peer 0x555555d6bab0 (77 bytes)
1789929469.398117 sending message 105 to peer 0x555555d6bab0 (12 bytes)
1789929469.398120 sending message 105 to peer 0x555555d6bab0 (18 bytes)
1789929469.398122 sending message 105 to peer 0x555555d6bab0 (54 bytes)
1789929469.398125 sending message 105 to peer 0x555555d6bab0 (22 bytes)
1789929469.398127 sending message 105 to peer 0x555555d6bab0 (12 bytes)
1789929469.398130 sending message 105 to peer 0x555555d6bab0 (96 bytes)
1789929469.398132 sending message 105 to peer 0x555555d6bab0 (13 bytes)
1789929469.398135 sending message 105 to peer 0x555555d6bab0 (14 bytes)
1789929469.398137 sending message 105 to peer 0x555555d6bab0 (14 bytes)
1789929469.398140 sending message 105 to peer 0x555555d6bab0 (723 bytes)
1789929469.398142 sending message 105 to peer 0x555555d6bab0 (20 bytes)
1789929469.398145 sending message 105 to peer 0x555555d6bab0 (1441 bytes)
1789929469.398148 sending message 105 to peer 0x555555d6bab0 (437 bytes)
1789929469.398150 sending message 105 to peer 0x555555d6bab0 (20 bytes)
1789929469.398153 sending message 105 to peer 0x555555d6bab0 (17 bytes)
1789929469.398155 sending message 105 to peer 0x555555d6bab0 (9 bytes)
1789929469.398162 sending message 105 to peer 0x555555d6bab0 (17 bytes)
1789929469.398167 sending message 105 to peer 0x555555d6bab0 (6 bytes)
1789929469.398170 sending message 105 to peer 0x555555d6bab0 (16 bytes)
1789929469.398172 sending message 105 to peer 0x555555d6bab0 (345 bytes)
1789929469.398175 sending message 105 to peer 0x555555d6bab0 (8 bytes)
1789929469.398177 sending message 105 to peer 0x555555d6bab0 (72 bytes)
1789929469.398179 sending message 105 to peer 0x555555d6bab0 (79 bytes)
1789929469.398182 sending message 105 to peer 0x555555d6bab0 (227 bytes)
1789929469.398185 sending message 105 to peer 0x555555d6bab0 (93 bytes)
1789929469.398187 sending message 105 to peer 0x555555d6bab0 (107 bytes)
1789929469.398190 sending message 105 to peer 0x555555d6bab0 (112 bytes)
1789929469.398192 sending message 105 to peer 0x555555d6bab0 (17 bytes)
1789929469.398202 sending message 105 to peer 0x555555d6bab0 (32 bytes)
1789929469.398204 sending message 105 to peer 0x555555d6bab0 (1506 bytes)
1789929469.398208 sending message 105 to peer 0x555555d6bab0 (3496 bytes)
1789929469.398210 sending message 105 to peer 0x555555d6bab0 (43 bytes)
1789929469.398213 sending message 105 to peer 0x555555d6bab0 (79 bytes)
1789929469.398215 sending message 105 to peer 0x555555d6bab0 (89 bytes)
1789929469.398218 sending message 105 to peer 0x555555d6bab0 (61 bytes)
1789929469.398220 sending message 105 to peer 0x555555d6bab0 (60 bytes)
1789929469.398223 sending message 105 to peer 0x555555d6bab0 (19 bytes)
1789929469.398225 sending message 105 to peer 0x555555d6bab0 (53 bytes)
1789929469.398228 sending message 105 to peer 0x555555d6bab0 (72 bytes)
1789929469.398230 sending message 105 to peer 0x555555d6bab0 (80 bytes)
1789929469.398233 sending message 105 to peer 0x555555d6bab0 (55 bytes)
1789929469.398235 sending message 105 to peer 0x555555d6bab0 (54 bytes)
1789929469.398239 sending message 105 to peer 0x555555d6bab0 (16041 bytes)
1789929469.398243 sending message 105 to peer 0x555555d6bab0 (12027 bytes)
1789929469.398245 sending message 105 to peer 0x555555d6bab0 (24 bytes)
1789929469.398248 sending message 105 to peer 0x555555d6bab0 (69 bytes)
1789929469.398250 sending message 105 to peer 0x555555d6bab0 (169 bytes)
1789929469.398253 sending message 105 to peer 0x555555d6bab0 (53 bytes)
1789929469.398255 sending message 105 to peer 0x555555d6bab0 (4853 bytes)
1789929469.398258 sending message 105 to peer 0x555555d6bab0 (3620 bytes)
1789929469.398261 sending message 105 to peer 0x555555d6bab0 (60 bytes)
1789929469.398263 sending message 105 to peer 0x555555d6bab0 (76 bytes)
1789929469.398266 sending message 105 to peer 0x555555d6bab0 (62 bytes)
1789929469.398268 sending message 105 to peer 0x555555d6bab0 (179 bytes)
1789929469.398271 sending message 105 to peer 0x555555d6bab0 (21 bytes)
1789929469.398273 sending message 105 to peer 0x555555d6bab0 (61 bytes)
1789929469.398276 sending message 105 to peer 0x555555d6bab0 (6 bytes)
1789929469.398278 sending message 105 to peer 0x555555d6bab0 (16 bytes)
1789929469.398281 sending message 105 to peer 0x555555d6bab0 (15 bytes)
1789929469.398283 sending message 105 to peer 0x555555d6bab0 (11 bytes)
1789929469.398286 sending message 105 to peer 0x555555d6bab0 (16 bytes)
1789929469.398288 sending message 105 to peer 0x555555d6bab0 (26 bytes)
1789929469.398291 sending message 105 to peer 0x555555d6bab0 (16 bytes)
1789929469.398293 sending message 105 to peer 0x555555d6bab0 (26 bytes)
1789929469.398295 sending message 105 to peer 0x555555d6bab0 (11 bytes)
1789929469.398298 sending message 105 to peer 0x555555d6bab0 (7248 bytes)
1789929469.398301 sending message 105 to peer 0x555555d6bab0 (22 bytes)
1789929469.398304 sending message 105 to peer 0x555555d6bab0 (953 bytes)
1789929469.398307 sending message 105 to peer 0x555555d6bab0 (25 bytes)
1789929469.398309 sending message 105 to peer 0x555555d6bab0 (17 bytes)
1789929469.398312 sending message 105 to peer 0x555555d6bab0 (19 bytes)
1789929469.398314 sending message 105 to peer 0x555555d6bab0 (100 bytes)
1789929469.398320 sending message 105 to peer 0x555555d6bab0 (313 bytes)
1789929469.398324 sending message 105 to peer 0x555555d6bab0 (14 bytes)
1789929469.398326 sending message 105 to peer 0x555555d6bab0 (24 bytes)
1789929469.398329 sending message 105 to peer 0x555555d6bab0 (16 bytes)
1789929469.398331 sending message 105 to peer 0x555555d6bab0 (26 bytes)
1789929469.398334 sending message 105 to peer 0x555555d6bab0 (127 bytes)
1789929469.398337 sending message 105 to peer 0x555555d6bab0 (14 bytes)
1789929469.398344 sending message 105 to peer 0x555555d6bab0 (8 bytes)
1789929469.398347 sending message 105 to peer 0x555555d6bab0 (10 bytes)
1789929469.398349 sending message 105 to peer 0x555555d6bab0 (20 bytes)
1789929469.398352 sending message 105 to peer 0x555555d6bab0 (28 bytes)
1789929469.398354 sending message 105 to peer 0x555555d6bab0 (13 bytes)
1789929469.398357 sending message 105 to peer 0x555555d6bab0 (33 bytes)
1789929469.398359 sending message 105 to peer 0x555555d6bab0 (51 bytes)
1789929469.398385 sending message 105 to peer 0x555555d6bab0 (19 bytes)
1789929469.398461 sending message 105 to peer 0x555555d6bab0 (16 bytes)
1789929469.398469 sending message 105 to peer 0x555555d6bab0 (26 bytes)
1789929469.398474 sending message 105 to peer 0x555555d6bab0 (12 bytes)
1789929469.398480 sending message 105 to peer 0x555555d6bab0 (22 bytes)
1789929469.398485 sending message 105 to peer 0x555555d6bab0 (35 bytes)
1789929469.398489 sending message 105 to peer 0x555555d6bab0 (44 bytes)
1789929469.398494 sending message 105 to peer 0x555555d6bab0 (47 bytes)
1789929469.398500 sending message 105 to peer 0x555555d6bab0 (20 bytes)
1789929469.398505 sending message 105 to peer 0x555555d6bab0 (270 bytes)
1789929469.398510 sending message 105 to peer 0x555555d6bab0 (18 bytes)
1789929469.398515 sending message 105 to peer 0x555555d6bab0 (26 bytes)
1789929469.398520 sending message 105 to peer 0x555555d6bab0 (43 bytes)
1789929469.398525 sending message 105 to peer 0x555555d6bab0 (46 bytes)
1789929469.398530 sending message 105 to peer 0x555555d6bab0 (6 bytes)
1789929469.398535 sending message 105 to peer 0x555555d6bab0 (14 bytes)
1789929469.398540 sending message 105 to peer 0x555555d6bab0 (89 bytes)
1789929469.398545 sending message 105 to peer 0x555555d6bab0 (86 bytes)
1789929469.398550 sending message 105 to peer 0x555555d6bab0 (20 bytes)
1789929469.398555 sending message 105 to peer 0x555555d6bab0 (14 bytes)
1789929469.398560 sending message 105 to peer 0x555555d6bab0 (12 bytes)
1789929469.398565 sending message 105 to peer 0x555555d6bab0 (557 bytes)
1789929469.398570 sending message 105 to peer 0x555555d6bab0 (239 bytes)
1789929469.398575 sending message 105 to peer 0x555555d6bab0 (3089 bytes)
1789929469.398582 sending message 105 to peer 0x555555d6bab0 (31 bytes)
1789929469.398587 sending message 105 to peer 0x555555d6bab0 (23 bytes)
1789929469.398593 sending message 105 to peer 0x555555d6bab0 (17 bytes)
1789929469.398597 sending message 105 to peer 0x555555d6bab0 (21 bytes)
1789929469.398603 sending message 105 to peer 0x555555d6bab0 (35 bytes)
1789929469.398608 sending message 105 to peer 0x555555d6bab0 (66 bytes)
1789929469.398612 sending message 105 to peer 0x555555d6bab0 (21 bytes)
1789929469.398617 sending message 105 to peer 0x555555d6bab0 (25 bytes)
1789929469.398622 sending message 105 to peer 0x555555d6bab0 (29 bytes)
1789929469.398627 sending message 105 to peer 0x555555d6bab0 (31 bytes)
1789929469.398632 sending message 105 to peer 0x555555d6bab0 (19 bytes)
1789929469.398637 sending message 105 to peer 0x555555d6bab0 (575 bytes)
1789929469.398643 sending message 105 to peer 0x555555d6bab0 (371 bytes)
1789929469.398648 sending message 105 to peer 0x555555d6bab0 (72 bytes)
1789929469.398653 sending message 105 to peer 0x555555d6bab0 (12 bytes)
1789929469.398658 sending message 105 to peer 0x555555d6bab0 (16 bytes)
1789929469.398662 sending message 105 to peer 0x555555d6bab0 (16 bytes)
1789929469.398667 sending message 105 to peer 0x555555d6bab0 (26 bytes)
1789929469.398672 sending message 105 to peer 0x555555d6bab0 (17 bytes)
1789929469.398687 sending message 105 to peer 0x555555d6bab0 (27 bytes)
1789929469.398699 sending message 105 to peer 0x555555d6bab0 (14 bytes)
1789929469.398705 sending message 105 to peer 0x555555d6bab0 (24 bytes)
1789929469.398710 sending message 105 to peer 0x555555d6bab0 (18 bytes)
1789929469.398715 sending message 105 to peer 0x555555d6bab0 (28 bytes)
1789929469.398720 sending message 105 to peer 0x555555d6bab0 (9 bytes)
1789929469.398725 sending message 105 to peer 0x555555d6bab0 (16 bytes)
1789929469.398730 sending message 105 to peer 0x555555d6bab0 (25 bytes)
1789929469.398734 sending message 105 to peer 0x555555d6bab0 (12 bytes)
1789929469.398739 sending message 105 to peer 0x555555d6bab0 (19 bytes)
1789929469.398744 sending message 105 to peer 0x555555d6bab0 (1332 bytes)
1789929469.398751 sending message 105 to peer 0x555555d6bab0 (37 bytes)
1789929469.398756 sending message 105 to peer 0x555555d6bab0 (12 bytes)
1789929469.398760 sending message 105 to peer 0x555555d6bab0 (9 bytes)
1789929469.398765 sending message 105 to peer 0x555555d6bab0 (18 bytes)
1789929469.398770 sending message 105 to peer 0x555555d6bab0 (19 bytes)
1789929469.398775 sending message 105 to peer 0x555555d6bab0 (23 bytes)
1789929469.398780 sending message 105 to peer 0x555555d6bab0 (29 bytes)
1789929469.398785 sending message 105 to peer 0x555555d6bab0 (70 bytes)
1789929469.398790 sending message 105 to peer 0x555555d6bab0 (102 bytes)
1789929469.398795 sending message 105 to peer 0x555555d6bab0 (64 bytes)
1789929469.398800 sending message 105 to peer 0x555555d6bab0 (12 bytes)
1789929469.398805 sending message 105 to peer 0x555555d6bab0 (20 bytes)
1789929469.398811 sending message 105 to peer 0x555555d6bab0 (28 bytes)
1789929469.398816 sending message 105 to peer 0x555555d6bab0 (74 bytes)
1789929469.398821 sending message 106 to peer 0x555555d6bab0 (0 bytes)
1789929469.398878 cmd_pack_argv: argv[0]=new-session
1789929469.398879 cmd_pack_argv: argv[1]=-d
1789929469.398881 cmd_pack_argv: argv[2]=-s
1789929469.398883 cmd_pack_argv: argv[3]=formatcheck
1789929469.398885 cmd_pack_argv: argv[4]=-x
1789929469.398886 cmd_pack_argv: argv[5]=80
1789929469.398888 cmd_pack_argv: argv[6]=-y
1789929469.398890 cmd_pack_argv: argv[7]=24
1789929469.398891 cmd_pack_argv: argv[8]=sleep
1789929469.398893 cmd_pack_argv: argv[9]=60
1789929469.398896 sending message 200 to peer 0x555555d6bab0 (55 bytes)
1789929469.398898 client loop enter
1789929469.398906 client_signal: Child exited
1789929469.450738 peer 0x555555d6bab0 message 203
1789929469.450779 client loop exit
