1789929470.463138 client started (511): version next-3.9, socket /home/blmarket/hmux2/target/tmpf7fsx5ng/sock, protocol 8
1789929470.463167 on Linux 7.2.2 #1-NixOS SMP PREEMPT_DYNAMIC Fri Aug 28 06:25:22 UTC 2026
1789929470.463177 using libevent 2.1.13-stable poll
1789929470.463182 using utf8proc 2.11.3
1789929470.463184 using ncurses 6.6 20251230
1789929470.463192 flags are 0x4000010000
1789929470.463203 socket is /home/blmarket/hmux2/target/tmpf7fsx5ng/sock
1789929470.463214 trying connect
1789929470.463245 add peer 0x555555d6ae60: 6 ((nil))
1789929470.463315 sending message 111 to peer 0x555555d6ae60 (8 bytes)
1789929470.463322 sending message 111 to peer 0x555555d6ae60 (8 bytes)
1789929470.463325 sending message 101 to peer 0x555555d6ae60 (15 bytes)
1789929470.463328 sending message 109 to peer 0x555555d6ae60 (4 bytes)
1789929470.463330 sending message 102 to peer 0x555555d6ae60 (1 bytes)
1789929470.463333 sending message 108 to peer 0x555555d6ae60 (21 bytes)
1789929470.463336 sending message 104 to peer 0x555555d6ae60 (0 bytes)
1789929470.463344 sending message 110 to peer 0x555555d6ae60 (0 bytes)
1789929470.463347 sending message 107 to peer 0x555555d6ae60 (4 bytes)
1789929470.463350 sending message 105 to peer 0x555555d6ae60 (453 bytes)
1789929470.463352 sending message 105 to peer 0x555555d6ae60 (6 bytes)
1789929470.463354 sending message 105 to peer 0x555555d6ae60 (16 bytes)
1789929470.463357 sending message 105 to peer 0x555555d6ae60 (6 bytes)
1789929470.463359 sending message 105 to peer 0x555555d6ae60 (97 bytes)
1789929470.463362 sending message 105 to peer 0x555555d6ae60 (16 bytes)
1789929470.463364 sending message 105 to peer 0x555555d6ae60 (93 bytes)
1789929470.463366 sending message 105 to peer 0x555555d6ae60 (93 bytes)
1789929470.463369 sending message 105 to peer 0x555555d6ae60 (9 bytes)
1789929470.463371 sending message 105 to peer 0x555555d6ae60 (17 bytes)
1789929470.463373 sending message 105 to peer 0x555555d6ae60 (86 bytes)
1789929470.463376 sending message 105 to peer 0x555555d6ae60 (93 bytes)
1789929470.463379 sending message 105 to peer 0x555555d6ae60 (1280 bytes)
1789929470.463393 sending message 105 to peer 0x555555d6ae60 (1182 bytes)
1789929470.463396 sending message 105 to peer 0x555555d6ae60 (90 bytes)
1789929470.463399 sending message 105 to peer 0x555555d6ae60 (11 bytes)
1789929470.463401 sending message 105 to peer 0x555555d6ae60 (54 bytes)
1789929470.463404 sending message 105 to peer 0x555555d6ae60 (53 bytes)
1789929470.463406 sending message 105 to peer 0x555555d6ae60 (22 bytes)
1789929470.463409 sending message 105 to peer 0x555555d6ae60 (20 bytes)
1789929470.463411 sending message 105 to peer 0x555555d6ae60 (77 bytes)
1789929470.463413 sending message 105 to peer 0x555555d6ae60 (12 bytes)
1789929470.463416 sending message 105 to peer 0x555555d6ae60 (18 bytes)
1789929470.463418 sending message 105 to peer 0x555555d6ae60 (54 bytes)
1789929470.463421 sending message 105 to peer 0x555555d6ae60 (22 bytes)
1789929470.463423 sending message 105 to peer 0x555555d6ae60 (12 bytes)
1789929470.463426 sending message 105 to peer 0x555555d6ae60 (96 bytes)
1789929470.463428 sending message 105 to peer 0x555555d6ae60 (13 bytes)
1789929470.463431 sending message 105 to peer 0x555555d6ae60 (14 bytes)
1789929470.463433 sending message 105 to peer 0x555555d6ae60 (14 bytes)
1789929470.463435 sending message 105 to peer 0x555555d6ae60 (723 bytes)
1789929470.463438 sending message 105 to peer 0x555555d6ae60 (20 bytes)
1789929470.463441 sending message 105 to peer 0x555555d6ae60 (1441 bytes)
1789929470.463444 sending message 105 to peer 0x555555d6ae60 (437 bytes)
1789929470.463446 sending message 105 to peer 0x555555d6ae60 (20 bytes)
1789929470.463449 sending message 105 to peer 0x555555d6ae60 (17 bytes)
1789929470.463451 sending message 105 to peer 0x555555d6ae60 (9 bytes)
1789929470.463454 sending message 105 to peer 0x555555d6ae60 (17 bytes)
1789929470.463456 sending message 105 to peer 0x555555d6ae60 (6 bytes)
1789929470.463459 sending message 105 to peer 0x555555d6ae60 (16 bytes)
1789929470.463461 sending message 105 to peer 0x555555d6ae60 (345 bytes)
1789929470.463468 sending message 105 to peer 0x555555d6ae60 (8 bytes)
1789929470.463474 sending message 105 to peer 0x555555d6ae60 (72 bytes)
1789929470.463476 sending message 105 to peer 0x555555d6ae60 (79 bytes)
1789929470.463479 sending message 105 to peer 0x555555d6ae60 (227 bytes)
1789929470.463482 sending message 105 to peer 0x555555d6ae60 (93 bytes)
1789929470.463484 sending message 105 to peer 0x555555d6ae60 (107 bytes)
1789929470.463487 sending message 105 to peer 0x555555d6ae60 (112 bytes)
1789929470.463489 sending message 105 to peer 0x555555d6ae60 (17 bytes)
1789929470.463492 sending message 105 to peer 0x555555d6ae60 (32 bytes)
1789929470.463494 sending message 105 to peer 0x555555d6ae60 (1506 bytes)
1789929470.463497 sending message 105 to peer 0x555555d6ae60 (3496 bytes)
1789929470.463500 sending message 105 to peer 0x555555d6ae60 (43 bytes)
1789929470.463503 sending message 105 to peer 0x555555d6ae60 (79 bytes)
1789929470.463505 sending message 105 to peer 0x555555d6ae60 (89 bytes)
1789929470.463508 sending message 105 to peer 0x555555d6ae60 (61 bytes)
1789929470.463510 sending message 105 to peer 0x555555d6ae60 (60 bytes)
1789929470.463513 sending message 105 to peer 0x555555d6ae60 (19 bytes)
1789929470.463515 sending message 105 to peer 0x555555d6ae60 (53 bytes)
1789929470.463518 sending message 105 to peer 0x555555d6ae60 (72 bytes)
1789929470.463520 sending message 105 to peer 0x555555d6ae60 (80 bytes)
1789929470.463523 sending message 105 to peer 0x555555d6ae60 (55 bytes)
1789929470.463525 sending message 105 to peer 0x555555d6ae60 (54 bytes)
1789929470.463528 sending message 105 to peer 0x555555d6ae60 (16041 bytes)
1789929470.463532 sending message 105 to peer 0x555555d6ae60 (12027 bytes)
1789929470.463534 sending message 105 to peer 0x555555d6ae60 (24 bytes)
1789929470.463537 sending message 105 to peer 0x555555d6ae60 (69 bytes)
1789929470.463540 sending message 105 to peer 0x555555d6ae60 (169 bytes)
1789929470.463542 sending message 105 to peer 0x555555d6ae60 (53 bytes)
1789929470.463545 sending message 105 to peer 0x555555d6ae60 (4853 bytes)
1789929470.463548 sending message 105 to peer 0x555555d6ae60 (3620 bytes)
1789929470.463550 sending message 105 to peer 0x555555d6ae60 (60 bytes)
1789929470.463553 sending message 105 to peer 0x555555d6ae60 (76 bytes)
1789929470.463555 sending message 105 to peer 0x555555d6ae60 (62 bytes)
1789929470.463558 sending message 105 to peer 0x555555d6ae60 (179 bytes)
1789929470.463560 sending message 105 to peer 0x555555d6ae60 (21 bytes)
1789929470.463599 sending message 105 to peer 0x555555d6ae60 (61 bytes)
1789929470.463613 sending message 105 to peer 0x555555d6ae60 (6 bytes)
1789929470.463619 sending message 105 to peer 0x555555d6ae60 (16 bytes)
1789929470.463624 sending message 105 to peer 0x555555d6ae60 (15 bytes)
1789929470.463629 sending message 105 to peer 0x555555d6ae60 (11 bytes)
1789929470.463634 sending message 105 to peer 0x555555d6ae60 (16 bytes)
1789929470.463639 sending message 105 to peer 0x555555d6ae60 (26 bytes)
1789929470.463644 sending message 105 to peer 0x555555d6ae60 (16 bytes)
1789929470.463649 sending message 105 to peer 0x555555d6ae60 (26 bytes)
1789929470.463654 sending message 105 to peer 0x555555d6ae60 (11 bytes)
1789929470.463659 sending message 105 to peer 0x555555d6ae60 (7248 bytes)
1789929470.463666 sending message 105 to peer 0x555555d6ae60 (22 bytes)
1789929470.463671 sending message 105 to peer 0x555555d6ae60 (953 bytes)
1789929470.463676 sending message 105 to peer 0x555555d6ae60 (25 bytes)
1789929470.463681 sending message 105 to peer 0x555555d6ae60 (17 bytes)
1789929470.463686 sending message 105 to peer 0x555555d6ae60 (19 bytes)
1789929470.463691 sending message 105 to peer 0x555555d6ae60 (100 bytes)
1789929470.463697 sending message 105 to peer 0x555555d6ae60 (313 bytes)
1789929470.463702 sending message 105 to peer 0x555555d6ae60 (14 bytes)
1789929470.463707 sending message 105 to peer 0x555555d6ae60 (24 bytes)
1789929470.463712 sending message 105 to peer 0x555555d6ae60 (16 bytes)
1789929470.463728 sending message 105 to peer 0x555555d6ae60 (26 bytes)
1789929470.463742 sending message 105 to peer 0x555555d6ae60 (127 bytes)
1789929470.463748 sending message 105 to peer 0x555555d6ae60 (14 bytes)
1789929470.463752 sending message 105 to peer 0x555555d6ae60 (8 bytes)
1789929470.463757 sending message 105 to peer 0x555555d6ae60 (10 bytes)
1789929470.463763 sending message 105 to peer 0x555555d6ae60 (20 bytes)
1789929470.463768 sending message 105 to peer 0x555555d6ae60 (28 bytes)
1789929470.463773 sending message 105 to peer 0x555555d6ae60 (13 bytes)
1789929470.463778 sending message 105 to peer 0x555555d6ae60 (33 bytes)
1789929470.463782 sending message 105 to peer 0x555555d6ae60 (51 bytes)
1789929470.463787 sending message 105 to peer 0x555555d6ae60 (19 bytes)
1789929470.463792 sending message 105 to peer 0x555555d6ae60 (16 bytes)
1789929470.463797 sending message 105 to peer 0x555555d6ae60 (26 bytes)
1789929470.463802 sending message 105 to peer 0x555555d6ae60 (12 bytes)
1789929470.463807 sending message 105 to peer 0x555555d6ae60 (22 bytes)
1789929470.463812 sending message 105 to peer 0x555555d6ae60 (35 bytes)
1789929470.463817 sending message 105 to peer 0x555555d6ae60 (44 bytes)
1789929470.463822 sending message 105 to peer 0x555555d6ae60 (47 bytes)
1789929470.463827 sending message 105 to peer 0x555555d6ae60 (20 bytes)
1789929470.463832 sending message 105 to peer 0x555555d6ae60 (270 bytes)
1789929470.463837 sending message 105 to peer 0x555555d6ae60 (18 bytes)
1789929470.463842 sending message 105 to peer 0x555555d6ae60 (26 bytes)
1789929470.463847 sending message 105 to peer 0x555555d6ae60 (43 bytes)
1789929470.463852 sending message 105 to peer 0x555555d6ae60 (46 bytes)
1789929470.463857 sending message 105 to peer 0x555555d6ae60 (6 bytes)
1789929470.463862 sending message 105 to peer 0x555555d6ae60 (14 bytes)
1789929470.463867 sending message 105 to peer 0x555555d6ae60 (89 bytes)
1789929470.463872 sending message 105 to peer 0x555555d6ae60 (86 bytes)
1789929470.463877 sending message 105 to peer 0x555555d6ae60 (20 bytes)
1789929470.463882 sending message 105 to peer 0x555555d6ae60 (14 bytes)
1789929470.463886 sending message 105 to peer 0x555555d6ae60 (12 bytes)
1789929470.463888 sending message 105 to peer 0x555555d6ae60 (557 bytes)
1789929470.463891 sending message 105 to peer 0x555555d6ae60 (239 bytes)
1789929470.463894 sending message 105 to peer 0x555555d6ae60 (3089 bytes)
1789929470.463897 sending message 105 to peer 0x555555d6ae60 (31 bytes)
1789929470.463899 sending message 105 to peer 0x555555d6ae60 (23 bytes)
1789929470.463902 sending message 105 to peer 0x555555d6ae60 (17 bytes)
1789929470.463904 sending message 105 to peer 0x555555d6ae60 (21 bytes)
1789929470.463907 sending message 105 to peer 0x555555d6ae60 (35 bytes)
1789929470.463910 sending message 105 to peer 0x555555d6ae60 (66 bytes)
1789929470.463912 sending message 105 to peer 0x555555d6ae60 (21 bytes)
1789929470.463915 sending message 105 to peer 0x555555d6ae60 (25 bytes)
1789929470.463917 sending message 105 to peer 0x555555d6ae60 (29 bytes)
1789929470.463920 sending message 105 to peer 0x555555d6ae60 (31 bytes)
1789929470.463923 sending message 105 to peer 0x555555d6ae60 (19 bytes)
1789929470.463925 sending message 105 to peer 0x555555d6ae60 (575 bytes)
1789929470.463928 sending message 105 to peer 0x555555d6ae60 (371 bytes)
1789929470.463930 sending message 105 to peer 0x555555d6ae60 (72 bytes)
1789929470.463933 sending message 105 to peer 0x555555d6ae60 (12 bytes)
1789929470.463935 sending message 105 to peer 0x555555d6ae60 (16 bytes)
1789929470.463938 sending message 105 to peer 0x555555d6ae60 (16 bytes)
1789929470.463940 sending message 105 to peer 0x555555d6ae60 (26 bytes)
1789929470.463942 sending message 105 to peer 0x555555d6ae60 (17 bytes)
1789929470.463945 sending message 105 to peer 0x555555d6ae60 (27 bytes)
1789929470.463947 sending message 105 to peer 0x555555d6ae60 (14 bytes)
1789929470.463950 sending message 105 to peer 0x555555d6ae60 (24 bytes)
1789929470.463952 sending message 105 to peer 0x555555d6ae60 (18 bytes)
1789929470.463956 sending message 105 to peer 0x555555d6ae60 (28 bytes)
1789929470.463960 sending message 105 to peer 0x555555d6ae60 (9 bytes)
1789929470.463963 sending message 105 to peer 0x555555d6ae60 (16 bytes)
1789929470.463965 sending message 105 to peer 0x555555d6ae60 (25 bytes)
1789929470.463968 sending message 105 to peer 0x555555d6ae60 (12 bytes)
1789929470.463971 sending message 105 to peer 0x555555d6ae60 (19 bytes)
1789929470.463973 sending message 105 to peer 0x555555d6ae60 (1332 bytes)
1789929470.463976 sending message 105 to peer 0x555555d6ae60 (37 bytes)
1789929470.463979 sending message 105 to peer 0x555555d6ae60 (12 bytes)
1789929470.463981 sending message 105 to peer 0x555555d6ae60 (9 bytes)
1789929470.463983 sending message 105 to peer 0x555555d6ae60 (18 bytes)
1789929470.463986 sending message 105 to peer 0x555555d6ae60 (19 bytes)
1789929470.463988 sending message 105 to peer 0x555555d6ae60 (23 bytes)
1789929470.463991 sending message 105 to peer 0x555555d6ae60 (29 bytes)
1789929470.463994 sending message 105 to peer 0x555555d6ae60 (70 bytes)
1789929470.463996 sending message 105 to peer 0x555555d6ae60 (102 bytes)
1789929470.463999 sending message 105 to peer 0x555555d6ae60 (64 bytes)
1789929470.464001 sending message 105 to peer 0x555555d6ae60 (12 bytes)
1789929470.464004 sending message 105 to peer 0x555555d6ae60 (20 bytes)
1789929470.464006 sending message 105 to peer 0x555555d6ae60 (28 bytes)
1789929470.464008 sending message 105 to peer 0x555555d6ae60 (74 bytes)
1789929470.464011 sending message 106 to peer 0x555555d6ae60 (0 bytes)
1789929470.464063 cmd_pack_argv: argv[0]=display-message
1789929470.464064 cmd_pack_argv: argv[1]=-p
1789929470.464066 cmd_pack_argv: argv[2]=-v
1789929470.464068 cmd_pack_argv: argv[3]=#(printf job-value)
1789929470.464071 sending message 200 to peer 0x555555d6ae60 (46 bytes)
1789929470.464073 client loop enter
1789929470.467802 peer 0x555555d6ae60 message 303
1789929470.467814 open write file 1 -
1789929470.467834 sending message 305 to peer 0x555555d6ae60 (8 bytes)
1789929470.467840 peer 0x555555d6ae60 message 304
1789929470.467845 write 70 to file 1
1789929470.467850 peer 0x555555d6ae60 message 304
1789929470.467854 write 38 to file 1
1789929470.467858 peer 0x555555d6ae60 message 304
1789929470.467861 write 31 to file 1
1789929470.467865 peer 0x555555d6ae60 message 304
1789929470.467868 write 15 to file 1
1789929470.467872 peer 0x555555d6ae60 message 304
1789929470.467875 write 14 to file 1
1789929470.467878 peer 0x555555d6ae60 message 304
1789929470.467882 write 1 to file 1
1789929470.467886 peer 0x555555d6ae60 message 203
1789929470.467890 file 1 169 bytes left
1789929470.467911 write check file 1
1789929470.467916 client loop exit
