1789929470.470956 client started (513): version next-3.9, socket /home/blmarket/hmux2/target/tmpf7fsx5ng/sock, protocol 8
1789929470.470969 on Linux 7.2.2 #1-NixOS SMP PREEMPT_DYNAMIC Fri Aug 28 06:25:22 UTC 2026
1789929470.470975 using libevent 2.1.13-stable poll
1789929470.470978 using utf8proc 2.11.3
1789929470.470980 using ncurses 6.6 20251230
1789929470.470988 flags are 0x4000010000
1789929470.470993 socket is /home/blmarket/hmux2/target/tmpf7fsx5ng/sock
1789929470.470999 trying connect
1789929470.471013 add peer 0x555555d6aa00: 6 ((nil))
1789929470.471070 sending message 111 to peer 0x555555d6aa00 (8 bytes)
1789929470.471074 sending message 111 to peer 0x555555d6aa00 (8 bytes)
1789929470.471077 sending message 101 to peer 0x555555d6aa00 (15 bytes)
1789929470.471079 sending message 109 to peer 0x555555d6aa00 (4 bytes)
1789929470.471082 sending message 102 to peer 0x555555d6aa00 (1 bytes)
1789929470.471084 sending message 108 to peer 0x555555d6aa00 (21 bytes)
1789929470.471087 sending message 104 to peer 0x555555d6aa00 (0 bytes)
1789929470.471090 sending message 110 to peer 0x555555d6aa00 (0 bytes)
1789929470.471092 sending message 107 to peer 0x555555d6aa00 (4 bytes)
1789929470.471095 sending message 105 to peer 0x555555d6aa00 (453 bytes)
1789929470.471098 sending message 105 to peer 0x555555d6aa00 (6 bytes)
1789929470.471100 sending message 105 to peer 0x555555d6aa00 (16 bytes)
1789929470.471102 sending message 105 to peer 0x555555d6aa00 (6 bytes)
1789929470.471105 sending message 105 to peer 0x555555d6aa00 (97 bytes)
1789929470.471107 sending message 105 to peer 0x555555d6aa00 (16 bytes)
1789929470.471109 sending message 105 to peer 0x555555d6aa00 (93 bytes)
1789929470.471112 sending message 105 to peer 0x555555d6aa00 (93 bytes)
1789929470.471114 sending message 105 to peer 0x555555d6aa00 (9 bytes)
1789929470.471117 sending message 105 to peer 0x555555d6aa00 (17 bytes)
1789929470.471119 sending message 105 to peer 0x555555d6aa00 (86 bytes)
1789929470.471121 sending message 105 to peer 0x555555d6aa00 (93 bytes)
1789929470.471124 sending message 105 to peer 0x555555d6aa00 (1280 bytes)
1789929470.471138 sending message 105 to peer 0x555555d6aa00 (1182 bytes)
1789929470.471141 sending message 105 to peer 0x555555d6aa00 (90 bytes)
1789929470.471144 sending message 105 to peer 0x555555d6aa00 (11 bytes)
1789929470.471146 sending message 105 to peer 0x555555d6aa00 (54 bytes)
1789929470.471149 sending message 105 to peer 0x555555d6aa00 (53 bytes)
1789929470.471151 sending message 105 to peer 0x555555d6aa00 (22 bytes)
1789929470.471153 sending message 105 to peer 0x555555d6aa00 (20 bytes)
1789929470.471156 sending message 105 to peer 0x555555d6aa00 (77 bytes)
1789929470.471158 sending message 105 to peer 0x555555d6aa00 (12 bytes)
1789929470.471161 sending message 105 to peer 0x555555d6aa00 (18 bytes)
1789929470.471163 sending message 105 to peer 0x555555d6aa00 (54 bytes)
1789929470.471166 sending message 105 to peer 0x555555d6aa00 (22 bytes)
1789929470.471168 sending message 105 to peer 0x555555d6aa00 (12 bytes)
1789929470.471170 sending message 105 to peer 0x555555d6aa00 (96 bytes)
1789929470.471173 sending message 105 to peer 0x555555d6aa00 (13 bytes)
1789929470.471175 sending message 105 to peer 0x555555d6aa00 (14 bytes)
1789929470.471178 sending message 105 to peer 0x555555d6aa00 (14 bytes)
1789929470.471180 sending message 105 to peer 0x555555d6aa00 (723 bytes)
1789929470.471183 sending message 105 to peer 0x555555d6aa00 (20 bytes)
1789929470.471185 sending message 105 to peer 0x555555d6aa00 (1441 bytes)
1789929470.471188 sending message 105 to peer 0x555555d6aa00 (437 bytes)
1789929470.471191 sending message 105 to peer 0x555555d6aa00 (20 bytes)
1789929470.471194 sending message 105 to peer 0x555555d6aa00 (17 bytes)
1789929470.471196 sending message 105 to peer 0x555555d6aa00 (9 bytes)
1789929470.471198 sending message 105 to peer 0x555555d6aa00 (17 bytes)
1789929470.471201 sending message 105 to peer 0x555555d6aa00 (6 bytes)
1789929470.471203 sending message 105 to peer 0x555555d6aa00 (16 bytes)
1789929470.471206 sending message 105 to peer 0x555555d6aa00 (345 bytes)
1789929470.471211 sending message 105 to peer 0x555555d6aa00 (8 bytes)
1789929470.471216 sending message 105 to peer 0x555555d6aa00 (72 bytes)
1789929470.471219 sending message 105 to peer 0x555555d6aa00 (79 bytes)
1789929470.471221 sending message 105 to peer 0x555555d6aa00 (227 bytes)
1789929470.471224 sending message 105 to peer 0x555555d6aa00 (93 bytes)
1789929470.471226 sending message 105 to peer 0x555555d6aa00 (107 bytes)
1789929470.471229 sending message 105 to peer 0x555555d6aa00 (112 bytes)
1789929470.471231 sending message 105 to peer 0x555555d6aa00 (17 bytes)
1789929470.471234 sending message 105 to peer 0x555555d6aa00 (32 bytes)
1789929470.471236 sending message 105 to peer 0x555555d6aa00 (1506 bytes)
1789929470.471239 sending message 105 to peer 0x555555d6aa00 (3496 bytes)
1789929470.471242 sending message 105 to peer 0x555555d6aa00 (43 bytes)
1789929470.471245 sending message 105 to peer 0x555555d6aa00 (79 bytes)
1789929470.471247 sending message 105 to peer 0x555555d6aa00 (89 bytes)
1789929470.471250 sending message 105 to peer 0x555555d6aa00 (61 bytes)
1789929470.471252 sending message 105 to peer 0x555555d6aa00 (60 bytes)
1789929470.471254 sending message 105 to peer 0x555555d6aa00 (19 bytes)
1789929470.471257 sending message 105 to peer 0x555555d6aa00 (53 bytes)
1789929470.471260 sending message 105 to peer 0x555555d6aa00 (72 bytes)
1789929470.471262 sending message 105 to peer 0x555555d6aa00 (80 bytes)
1789929470.471265 sending message 105 to peer 0x555555d6aa00 (55 bytes)
1789929470.471267 sending message 105 to peer 0x555555d6aa00 (54 bytes)
1789929470.471270 sending message 105 to peer 0x555555d6aa00 (16041 bytes)
1789929470.471273 sending message 105 to peer 0x555555d6aa00 (12027 bytes)
1789929470.471276 sending message 105 to peer 0x555555d6aa00 (24 bytes)
1789929470.471279 sending message 105 to peer 0x555555d6aa00 (69 bytes)
1789929470.471281 sending message 105 to peer 0x555555d6aa00 (169 bytes)
1789929470.471284 sending message 105 to peer 0x555555d6aa00 (53 bytes)
1789929470.471286 sending message 105 to peer 0x555555d6aa00 (4853 bytes)
1789929470.471289 sending message 105 to peer 0x555555d6aa00 (3620 bytes)
1789929470.471292 sending message 105 to peer 0x555555d6aa00 (60 bytes)
1789929470.471294 sending message 105 to peer 0x555555d6aa00 (76 bytes)
1789929470.471297 sending message 105 to peer 0x555555d6aa00 (62 bytes)
1789929470.471299 sending message 105 to peer 0x555555d6aa00 (179 bytes)
1789929470.471302 sending message 105 to peer 0x555555d6aa00 (21 bytes)
1789929470.471304 sending message 105 to peer 0x555555d6aa00 (61 bytes)
1789929470.471307 sending message 105 to peer 0x555555d6aa00 (6 bytes)
1789929470.471309 sending message 105 to peer 0x555555d6aa00 (16 bytes)
1789929470.471312 sending message 105 to peer 0x555555d6aa00 (15 bytes)
1789929470.471314 sending message 105 to peer 0x555555d6aa00 (11 bytes)
1789929470.471317 sending message 105 to peer 0x555555d6aa00 (16 bytes)
1789929470.471319 sending message 105 to peer 0x555555d6aa00 (26 bytes)
1789929470.471322 sending message 105 to peer 0x555555d6aa00 (16 bytes)
1789929470.471324 sending message 105 to peer 0x555555d6aa00 (26 bytes)
1789929470.471327 sending message 105 to peer 0x555555d6aa00 (11 bytes)
1789929470.471329 sending message 105 to peer 0x555555d6aa00 (7248 bytes)
1789929470.471333 sending message 105 to peer 0x555555d6aa00 (22 bytes)
1789929470.471335 sending message 105 to peer 0x555555d6aa00 (953 bytes)
1789929470.471338 sending message 105 to peer 0x555555d6aa00 (25 bytes)
1789929470.471346 sending message 105 to peer 0x555555d6aa00 (17 bytes)
1789929470.471348 sending message 105 to peer 0x555555d6aa00 (19 bytes)
1789929470.471351 sending message 105 to peer 0x555555d6aa00 (100 bytes)
1789929470.471353 sending message 105 to peer 0x555555d6aa00 (313 bytes)
1789929470.471356 sending message 105 to peer 0x555555d6aa00 (14 bytes)
1789929470.471358 sending message 105 to peer 0x555555d6aa00 (24 bytes)
1789929470.471361 sending message 105 to peer 0x555555d6aa00 (16 bytes)
1789929470.471365 sending message 105 to peer 0x555555d6aa00 (26 bytes)
1789929470.471426 sending message 105 to peer 0x555555d6aa00 (127 bytes)
1789929470.471455 sending message 105 to peer 0x555555d6aa00 (14 bytes)
1789929470.471462 sending message 105 to peer 0x555555d6aa00 (8 bytes)
1789929470.471468 sending message 105 to peer 0x555555d6aa00 (10 bytes)
1789929470.471473 sending message 105 to peer 0x555555d6aa00 (20 bytes)
1789929470.471478 sending message 105 to peer 0x555555d6aa00 (28 bytes)
1789929470.471483 sending message 105 to peer 0x555555d6aa00 (13 bytes)
1789929470.471488 sending message 105 to peer 0x555555d6aa00 (33 bytes)
1789929470.471493 sending message 105 to peer 0x555555d6aa00 (51 bytes)
1789929470.471499 sending message 105 to peer 0x555555d6aa00 (19 bytes)
1789929470.471504 sending message 105 to peer 0x555555d6aa00 (16 bytes)
1789929470.471509 sending message 105 to peer 0x555555d6aa00 (26 bytes)
1789929470.471514 sending message 105 to peer 0x555555d6aa00 (12 bytes)
1789929470.471519 sending message 105 to peer 0x555555d6aa00 (22 bytes)
1789929470.471524 sending message 105 to peer 0x555555d6aa00 (35 bytes)
1789929470.471529 sending message 105 to peer 0x555555d6aa00 (44 bytes)
1789929470.471534 sending message 105 to peer 0x555555d6aa00 (47 bytes)
1789929470.471539 sending message 105 to peer 0x555555d6aa00 (20 bytes)
1789929470.471544 sending message 105 to peer 0x555555d6aa00 (270 bytes)
1789929470.471549 sending message 105 to peer 0x555555d6aa00 (18 bytes)
1789929470.471554 sending message 105 to peer 0x555555d6aa00 (26 bytes)
1789929470.471559 sending message 105 to peer 0x555555d6aa00 (43 bytes)
1789929470.471564 sending message 105 to peer 0x555555d6aa00 (46 bytes)
1789929470.471569 sending message 105 to peer 0x555555d6aa00 (6 bytes)
1789929470.471574 sending message 105 to peer 0x555555d6aa00 (14 bytes)
1789929470.471579 sending message 105 to peer 0x555555d6aa00 (89 bytes)
1789929470.471584 sending message 105 to peer 0x555555d6aa00 (86 bytes)
1789929470.471589 sending message 105 to peer 0x555555d6aa00 (20 bytes)
1789929470.471594 sending message 105 to peer 0x555555d6aa00 (14 bytes)
1789929470.471599 sending message 105 to peer 0x555555d6aa00 (12 bytes)
1789929470.471604 sending message 105 to peer 0x555555d6aa00 (557 bytes)
1789929470.471609 sending message 105 to peer 0x555555d6aa00 (239 bytes)
1789929470.471614 sending message 105 to peer 0x555555d6aa00 (3089 bytes)
1789929470.471621 sending message 105 to peer 0x555555d6aa00 (31 bytes)
1789929470.471626 sending message 105 to peer 0x555555d6aa00 (23 bytes)
1789929470.471631 sending message 105 to peer 0x555555d6aa00 (17 bytes)
1789929470.471636 sending message 105 to peer 0x555555d6aa00 (21 bytes)
1789929470.471641 sending message 105 to peer 0x555555d6aa00 (35 bytes)
1789929470.471645 sending message 105 to peer 0x555555d6aa00 (66 bytes)
1789929470.471651 sending message 105 to peer 0x555555d6aa00 (21 bytes)
1789929470.471656 sending message 105 to peer 0x555555d6aa00 (25 bytes)
1789929470.471660 sending message 105 to peer 0x555555d6aa00 (29 bytes)
1789929470.471665 sending message 105 to peer 0x555555d6aa00 (31 bytes)
1789929470.471670 sending message 105 to peer 0x555555d6aa00 (19 bytes)
1789929470.471675 sending message 105 to peer 0x555555d6aa00 (575 bytes)
1789929470.471681 sending message 105 to peer 0x555555d6aa00 (371 bytes)
1789929470.471686 sending message 105 to peer 0x555555d6aa00 (72 bytes)
1789929470.471691 sending message 105 to peer 0x555555d6aa00 (12 bytes)
1789929470.471696 sending message 105 to peer 0x555555d6aa00 (16 bytes)
1789929470.471701 sending message 105 to peer 0x555555d6aa00 (16 bytes)
1789929470.471705 sending message 105 to peer 0x555555d6aa00 (26 bytes)
1789929470.471710 sending message 105 to peer 0x555555d6aa00 (17 bytes)
1789929470.471715 sending message 105 to peer 0x555555d6aa00 (27 bytes)
1789929470.471720 sending message 105 to peer 0x555555d6aa00 (14 bytes)
1789929470.471725 sending message 105 to peer 0x555555d6aa00 (24 bytes)
1789929470.471730 sending message 105 to peer 0x555555d6aa00 (18 bytes)
1789929470.471745 sending message 105 to peer 0x555555d6aa00 (28 bytes)
1789929470.471760 sending message 105 to peer 0x555555d6aa00 (9 bytes)
1789929470.471765 sending message 105 to peer 0x555555d6aa00 (16 bytes)
1789929470.471770 sending message 105 to peer 0x555555d6aa00 (25 bytes)
1789929470.471775 sending message 105 to peer 0x555555d6aa00 (12 bytes)
1789929470.471779 sending message 105 to peer 0x555555d6aa00 (19 bytes)
1789929470.471784 sending message 105 to peer 0x555555d6aa00 (1332 bytes)
1789929470.471790 sending message 105 to peer 0x555555d6aa00 (37 bytes)
1789929470.471795 sending message 105 to peer 0x555555d6aa00 (12 bytes)
1789929470.471801 sending message 105 to peer 0x555555d6aa00 (9 bytes)
1789929470.471805 sending message 105 to peer 0x555555d6aa00 (18 bytes)
1789929470.471811 sending message 105 to peer 0x555555d6aa00 (19 bytes)
1789929470.471816 sending message 105 to peer 0x555555d6aa00 (23 bytes)
1789929470.471820 sending message 105 to peer 0x555555d6aa00 (29 bytes)
1789929470.471825 sending message 105 to peer 0x555555d6aa00 (70 bytes)
1789929470.471830 sending message 105 to peer 0x555555d6aa00 (102 bytes)
1789929470.471835 sending message 105 to peer 0x555555d6aa00 (64 bytes)
1789929470.471840 sending message 105 to peer 0x555555d6aa00 (12 bytes)
1789929470.471845 sending message 105 to peer 0x555555d6aa00 (20 bytes)
1789929470.471850 sending message 105 to peer 0x555555d6aa00 (28 bytes)
1789929470.471855 sending message 105 to peer 0x555555d6aa00 (74 bytes)
1789929470.471860 sending message 106 to peer 0x555555d6aa00 (0 bytes)
1789929470.471914 cmd_pack_argv: argv[0]=kill-server
1789929470.471918 sending message 200 to peer 0x555555d6aa00 (16 bytes)
1789929470.471920 client loop enter
1789929470.474626 peer 0x555555d6aa00 message 203
1789929470.474641 client loop exit
